<?xml version="1.0" encoding="utf-8"?>
<test-run id="2" testcasecount="7" result="Passed" total="7" passed="7" failed="0" inconclusive="0" skipped="0" asserts="0" engine-version="3.5.0.0" clr-version="4.0.30319.42000" start-time="2026-09-16 00:18:26Z" end-time="2026-09-16 00:18:26Z" duration="0.0395454">
  <test-suite type="TestSuite" id="1000" name="Prueba_Unity" fullname="Prueba_Unity" runstate="Runnable" testcasecount="7" result="Passed" start-time="2026-09-16 00:18:26Z" end-time="2026-09-16 00:18:26Z" duration="0.039545" total="7" passed="7" failed="0" inconclusive="0" skipped="0" asserts="0">
    <properties>
      <property name="platform" value="EditMode" />
    </properties>
    <test-suite type="Assembly" id="1010" name="PanelDeNotas.EditModeTests.dll" fullname="D:/UnityProjects/Prueba_Unity/Library/ScriptAssemblies/PanelDeNotas.EditModeTests.dll" runstate="Runnable" testcasecount="7" result="Passed" start-time="2026-09-16 00:18:26Z" end-time="2026-09-16 00:18:26Z" duration="0.032907" total="7" passed="7" failed="0" inconclusive="0" skipped="0" asserts="0">
      <properties>
        <property name="_PID" value="73184" />
        <property name="_APPDOMAIN" value="Unity Child Domain" />
        <property name="platform" value="EditMode" />
        <property name="EditorOnly" value="True" />
      </properties>
      <test-suite type="TestFixture" id="1001" name="JsonUtilityDeserializerTests" fullname="JsonUtilityDeserializerTests" classname="JsonUtilityDeserializerTests" runstate="Runnable" testcasecount="2" result="Passed" start-time="2026-09-16 00:18:26Z" end-time="2026-09-16 00:18:26Z" duration="0.022961" total="2" passed="2" failed="0" inconclusive="0" skipped="0" asserts="0">
        <properties />
        <test-case id="1003" name="TryDeserialize_JsonInvalido_RetornaFalse" fullname="JsonUtilityDeserializerTests.TryDeserialize_JsonInvalido_RetornaFalse" methodname="TryDeserialize_JsonInvalido_RetornaFalse" classname="JsonUtilityDeserializerTests" runstate="Runnable" seed="698244987" result="Passed" start-time="2026-09-16 00:18:26Z" end-time="2026-09-16 00:18:26Z" duration="0.010056" asserts="0">
          <properties>
            <property name="retryIteration" value="0" />
            <property name="repeatIteration" value="0" />
          </properties>
          <output><![CDATA[JsonUtilityDeserializer: failed to parse JSON: JSON parse error: Missing a name for object member.
]]></output>
        </test-case>
        <test-case id="1002" name="TryDeserialize_JsonValido_RetornaTrueYObjetoPoblado" fullname="JsonUtilityDeserializerTests.TryDeserialize_JsonValido_RetornaTrueYObjetoPoblado" methodname="TryDeserialize_JsonValido_RetornaTrueYObjetoPoblado" classname="JsonUtilityDeserializerTests" runstate="Runnable" seed="355512677" result="Passed" start-time="2026-09-16 00:18:26Z" end-time="2026-09-16 00:18:26Z" duration="0.002548" asserts="0">
          <properties>
            <property name="retryIteration" value="0" />
            <property name="repeatIteration" value="0" />
          </properties>
        </test-case>
      </test-suite>
      <test-suite type="TestFixture" id="1004" name="StudentRepositoryTests" fullname="StudentRepositoryTests" classname="StudentRepositoryTests" runstate="Runnable" testcasecount="5" result="Passed" start-time="2026-09-16 00:18:26Z" end-time="2026-09-16 00:18:26Z" duration="0.008840" total="5" passed="5" failed="0" inconclusive="0" skipped="0" asserts="0">
        <properties />
        <test-case id="1009" name="Load_ArchivoNoExiste_NoLanzaYDevuelveListaVacia" fullname="StudentRepositoryTests.Load_ArchivoNoExiste_NoLanzaYDevuelveListaVacia" methodname="Load_ArchivoNoExiste_NoLanzaYDevuelveListaVacia" classname="StudentRepositoryTests" runstate="Runnable" seed="1717377125" result="Passed" start-time="2026-09-16 00:18:26Z" end-time="2026-09-16 00:18:26Z" duration="0.005116" asserts="0">
          <properties>
            <property name="retryIteration" value="0" />
            <property name="repeatIteration" value="0" />
          </properties>
          <output><![CDATA[StudentRepository: could not read file at ruta/que/no/existe.json: Could not find a part of the path "D:\UnityProjects\Prueba_Unity\ruta\que\no\existe.json".
]]></output>
        </test-case>
        <test-case id="1008" name="Load_JsonNoParseable_NoLanzaYDevuelveListaVacia" fullname="StudentRepositoryTests.Load_JsonNoParseable_NoLanzaYDevuelveListaVacia" methodname="Load_JsonNoParseable_NoLanzaYDevuelveListaVacia" classname="StudentRepositoryTests" runstate="Runnable" seed="1726503385" result="Passed" start-time="2026-09-16 00:18:26Z" end-time="2026-09-16 00:18:26Z" duration="0.000975" asserts="0">
          <properties>
            <property name="retryIteration" value="0" />
            <property name="repeatIteration" value="0" />
          </properties>
          <output><![CDATA[StudentRepository: could not parse students JSON.
]]></output>
        </test-case>
        <test-case id="1007" name="Load_NotaFueraDeRango_SeDescartaYContinua" fullname="StudentRepositoryTests.Load_NotaFueraDeRango_SeDescartaYContinua" methodname="Load_NotaFueraDeRango_SeDescartaYContinua" classname="StudentRepositoryTests" runstate="Runnable" seed="1957663226" result="Passed" start-time="2026-09-16 00:18:26Z" end-time="2026-09-16 00:18:26Z" duration="0.000917" asserts="0">
          <properties>
            <property name="retryIteration" value="0" />
            <property name="repeatIteration" value="0" />
          </properties>
          <output><![CDATA[StudentRepository: entry at index 0 (codigo=1) has an out-of-range notaFinal (6.5), skipping.
]]></output>
        </test-case>
        <test-case id="1006" name="Load_RegistroConCampoFaltante_SeDescartaYContinua" fullname="StudentRepositoryTests.Load_RegistroConCampoFaltante_SeDescartaYContinua" methodname="Load_RegistroConCampoFaltante_SeDescartaYContinua" classname="StudentRepositoryTests" runstate="Runnable" seed="502724297" result="Passed" start-time="2026-09-16 00:18:26Z" end-time="2026-09-16 00:18:26Z" duration="0.000674" asserts="0">
          <properties>
            <property name="retryIteration" value="0" />
            <property name="repeatIteration" value="0" />
          </properties>
          <output><![CDATA[StudentRepository: entry at index 1 has a missing required field, skipping.
]]></output>
        </test-case>
        <test-case id="1005" name="Load_TodosLosRegistrosValidos_CargaTodos" fullname="StudentRepositoryTests.Load_TodosLosRegistrosValidos_CargaTodos" methodname="Load_TodosLosRegistrosValidos_CargaTodos" classname="StudentRepositoryTests" runstate="Runnable" seed="1175259889" result="Passed" start-time="2026-09-16 00:18:26Z" end-time="2026-09-16 00:18:26Z" duration="0.000244" asserts="0">
          <properties>
            <property name="retryIteration" value="0" />
            <property name="repeatIteration" value="0" />
          </properties>
          <output><![CDATA[Saving results to: D:\UnityProjects\Prueba_Unity\test-results.xml
]]></output>
        </test-case>
      </test-suite>
    </test-suite>
  </test-suite>
</test-run>